2021-12-19 20:10:45,367:INFO:flipkrat.py:Url hitted
2021-12-19 20:10:45,785:INFO:flipkrat.py:login popup handled
2021-12-19 20:10:46,869:INFO:flipkrat.py:Search begins for samsung
2021-12-19 20:15:29,552:INFO:flipkrat.py:Url hitted
2021-12-19 20:15:29,922:INFO:flipkrat.py:login popup handled
2021-12-19 20:15:30,868:INFO:flipkrat.py:Search begins for apple
2021-12-19 20:22:16,758:INFO:flipkrat.py:Url hitted
2021-12-19 20:22:17,025:INFO:flipkrat.py:login popup handled
2021-12-19 20:22:17,590:INFO:flipkrat.py:Search begins for samsung
2021-12-19 20:25:39,394:INFO:flipkrat.py:Url hitted
2021-12-19 20:25:39,741:INFO:flipkrat.py:login popup handled
2021-12-19 20:25:40,524:INFO:flipkrat.py:Search begins for oneplus
2021-12-19 20:28:39,539:INFO:flipkrat.py:Url hitted
2021-12-19 20:28:39,903:INFO:flipkrat.py:login popup handled
2021-12-19 20:28:40,828:INFO:flipkrat.py:Search begins for oneplus
2021-12-19 20:47:34,913:INFO:flipkrat.py:Url hitted
2021-12-19 20:47:35,428:INFO:flipkrat.py:login popup handled
2021-12-19 20:47:36,077:INFO:flipkrat.py:Search begins for Iphone
2021-12-19 20:51:53,585:INFO:flipkrat.py:Url hitted
2021-12-19 20:51:54,155:INFO:flipkrat.py:login popup handled
2021-12-19 20:51:54,954:INFO:flipkrat.py:Search begins for yeti
2021-12-19 20:53:35,709:INFO:flipkrat.py:Url hitted
2021-12-19 20:53:36,440:INFO:flipkrat.py:login popup handled
2021-12-19 20:53:37,633:INFO:flipkrat.py:Search begins for samsung
2021-12-19 20:58:28,245:INFO:flipkrat.py:Url hitted
2021-12-19 20:58:28,939:INFO:flipkrat.py:login popup handled
2021-12-19 20:58:30,479:INFO:flipkrat.py:Search begins for samsung
2021-12-19 21:14:32,752:INFO:flipkrat.py:Url hitted
2021-12-19 21:14:33,125:INFO:flipkrat.py:login popup handled
2021-12-19 21:14:33,999:INFO:flipkrat.py:Search begins for samsung
2021-12-19 21:17:34,047:INFO:flipkrat.py:Url hitted
2021-12-19 21:17:34,445:INFO:flipkrat.py:login popup handled
2021-12-19 21:17:35,290:INFO:flipkrat.py:Search begins for samsung
2021-12-21 14:54:55,520:INFO:flipkrat.py:Url hitted
2021-12-21 14:54:56,126:INFO:flipkrat.py:login popup handled
2021-12-21 14:54:57,213:INFO:flipkrat.py:Search begins for samsung
2021-12-21 15:00:59,484:INFO:flipkrat.py:Url hitted
2021-12-21 15:00:59,738:INFO:flipkrat.py:login popup handled
2021-12-21 15:01:00,457:INFO:flipkrat.py:Search begins for samsung
2021-12-21 15:20:49,355:INFO:flipkrat.py:Url hitted
2021-12-21 15:20:49,597:INFO:flipkrat.py:login popup handled
2021-12-21 15:20:50,134:INFO:flipkrat.py:Search begins for samsung
2021-12-21 15:21:42,883:INFO:flipkrat.py:Thread run completed
2021-12-28 20:39:11,106:INFO:flipkrat.py:Url hitted
2021-12-28 20:39:11,553:INFO:flipkrat.py:login popup handled
2021-12-28 20:39:20,467:INFO:flipkrat.py:Search begins for samsung
